src/components/IndiaMoodMap.tsx(25,88): error TS2339: Property 'mood' does not exist on type 'CityMood'.
src/components/IndiaMoodMap.tsx(26,61): error TS2339: Property 'city' does not exist on type 'CityMood'.
src/components/IndiaMoodMap.tsx(27,63): error TS2339: Property 'percentage' does not exist on type 'CityMood'.
src/constants/mockData.ts(4,7): error TS2353: Object literal may only specify known properties, and 'city' does not exist in type 'CityMood'.
src/constants/mockData.ts(5,7): error TS2353: Object literal may only specify known properties, and 'city' does not exist in type 'CityMood'.
src/constants/mockData.ts(6,7): error TS2353: Object literal may only specify known properties, and 'city' does not exist in type 'CityMood'.
src/constants/mockData.ts(7,7): error TS2353: Object literal may only specify known properties, and 'city' does not exist in type 'CityMood'.
src/screens/CommunityDetailScreen.tsx(73,23): error TS2322: Type '{ communityId: string; userId: string; username: string; userAvatar: string | null; text: string; timestamp: FieldValue; likes: number; likedBy: never[]; id: string; }' is not assignable to type 'CommunityPost'.
  Types of property 'userAvatar' are incompatible.
    Type 'string | null' is not assignable to type 'string | undefined'.
      Type 'null' is not assignable to type 'string | undefined'.
